To honour the JVM settings for this build a single-use Daemon process will be forked. For more on this, please refer to https://docs.gradle.org/8.14/userguide/gradle_daemon.html#sec:disabling_the_daemon in the Gradle documentation.
Daemon will be stopped at the end of the build 

[Incubating] Problems report is available at: file:///home/runner/workspace/build/reports/problems/problems-report.html

FAILURE: Build failed with an exception.

* What went wrong:
A problem occurred configuring root project 'countrymod'.
> Could not resolve all artifacts for configuration 'classpath'.
   > Could not resolve net.fabricmc:fabric-loom:1.11.8.
     Required by:
         root project : > fabric-loom:fabric-loom.gradle.plugin:1.11.8
      > Dependency requires at least JVM runtime version 21. This build uses a Java 19 JVM.

* Try:
> Run this build using a Java 21 or newer JVM.
> Run with --stacktrace option to get the stack trace.
> Run with --info or --debug option to get more log output.
> Run with --scan to get full insights.
> Get more help at https://help.gradle.org.

BUILD FAILED in 10s
